Error in <TFile::TFile>: file /storage/local/data1/condor/execute/dir_3277042/CMSSW_7_4_14/src/BLT/BLTAnalysis/data/pileup_sf_2016_full.root does not exist
Error in <TFile::TFile>: file /storage/local/data1/condor/execute/dir_3277042/CMSSW_7_4_14/src/BLT/BLTAnalysis/data/muon_trigger/EfficienciesAndSF_BCDEF.root does not exist
Error in <TFile::TFile>: file /storage/local/data1/condor/execute/dir_3277042/CMSSW_7_4_14/src/BLT/BLTAnalysis/data/muon_id/EfficienciesAndSF_BCDEF.root does not exist
Error in <TFile::TFile>: file /storage/local/data1/condor/execute/dir_3277042/CMSSW_7_4_14/src/BLT/BLTAnalysis/data/muon_iso/EfficienciesAndSF_BCDEF.root does not exist

 *** Break *** segmentation violation



===========================================================
There was a crash.
This is the entire stack trace of all threads:
===========================================================

Thread 6 (Thread 0x2b2c78004700 (LWP 3278042)):
#0  0x000000329fce91c3 in epoll_wait () from /lib64/libc.so.6
#1  0x00002b2c77aca33a in XrdSys::IOEvents::PollE::Begin(XrdSysSemaphore*, int&, char const**) () from /cvmfs/cms.cern.ch/slc6_amd64_gcc491/cms/cmssw/CMSSW_7_4_14/external/slc6_amd64_gcc491/lib/libXrdUtils.so.2
#2  0x00002b2c77ac6c0d in XrdSys::IOEvents::BootStrap::Start(void*) () from /cvmfs/cms.cern.ch/slc6_amd64_gcc491/cms/cmssw/CMSSW_7_4_14/external/slc6_amd64_gcc491/lib/libXrdUtils.so.2
#3  0x00002b2c77ac5427 in XrdSysThread_Xeq () from /cvmfs/cms.cern.ch/slc6_amd64_gcc491/cms/cmssw/CMSSW_7_4_14/external/slc6_amd64_gcc491/lib/libXrdUtils.so.2
#4  0x00000032a0007aa1 in start_thread () from /lib64/libpthread.so.0
#5  0x000000329fce8bcd in clone () from /lib64/libc.so.6

Thread 5 (Thread 0x2b2c78205700 (LWP 3278043)):
#0  0x00000032a000f00d in nanosleep () from /lib64/libpthread.so.0
#1  0x00002b2c77ac5bbb in XrdSysTimer::Wait(int) () from /cvmfs/cms.cern.ch/slc6_amd64_gcc491/cms/cmssw/CMSSW_7_4_14/external/slc6_amd64_gcc491/lib/libXrdUtils.so.2
#2  0x00002b2c77b6ff61 in XrdCl::TaskManager::RunTasks() () from /cvmfs/cms.cern.ch/slc6_amd64_gcc491/cms/cmssw/CMSSW_7_4_14/external/slc6_amd64_gcc491/lib/libXrdCl.so.2
#3  0x00002b2c77b700c9 in ?? () from /cvmfs/cms.cern.ch/slc6_amd64_gcc491/cms/cmssw/CMSSW_7_4_14/external/slc6_amd64_gcc491/lib/libXrdCl.so.2
#4  0x00000032a0007aa1 in start_thread () from /lib64/libpthread.so.0
#5  0x000000329fce8bcd in clone () from /lib64/libc.so.6

Thread 4 (Thread 0x2b2c78406700 (LWP 3278044)):
#0  0x000000329fce5419 in syscall () from /lib64/libc.so.6
#1  0x00002b2c77bc8883 in XrdCl::JobManager::RunJobs() () from /cvmfs/cms.cern.ch/slc6_amd64_gcc491/cms/cmssw/CMSSW_7_4_14/external/slc6_amd64_gcc491/lib/libXrdCl.so.2
#2  0x00002b2c77bc8a19 in ?? () from /cvmfs/cms.cern.ch/slc6_amd64_gcc491/cms/cmssw/CMSSW_7_4_14/external/slc6_amd64_gcc491/lib/libXrdCl.so.2
#3  0x00000032a0007aa1 in start_thread () from /lib64/libpthread.so.0
#4  0x000000329fce8bcd in clone () from /lib64/libc.so.6

Thread 3 (Thread 0x2b2c78607700 (LWP 3278045)):
#0  0x000000329fce5419 in syscall () from /lib64/libc.so.6
#1  0x00002b2c77bc8883 in XrdCl::JobManager::RunJobs() () from /cvmfs/cms.cern.ch/slc6_amd64_gcc491/cms/cmssw/CMSSW_7_4_14/external/slc6_amd64_gcc491/lib/libXrdCl.so.2
#2  0x00002b2c77bc8a19 in ?? () from /cvmfs/cms.cern.ch/slc6_amd64_gcc491/cms/cmssw/CMSSW_7_4_14/external/slc6_amd64_gcc491/lib/libXrdCl.so.2
#3  0x00000032a0007aa1 in start_thread () from /lib64/libpthread.so.0
#4  0x000000329fce8bcd in clone () from /lib64/libc.so.6

Thread 2 (Thread 0x2b2c78808700 (LWP 3278046)):
#0  0x000000329fce5419 in syscall () from /lib64/libc.so.6
#1  0x00002b2c77bc8883 in XrdCl::JobManager::RunJobs() () from /cvmfs/cms.cern.ch/slc6_amd64_gcc491/cms/cmssw/CMSSW_7_4_14/external/slc6_amd64_gcc491/lib/libXrdCl.so.2
#2  0x00002b2c77bc8a19 in ?? () from /cvmfs/cms.cern.ch/slc6_amd64_gcc491/cms/cmssw/CMSSW_7_4_14/external/slc6_amd64_gcc491/lib/libXrdCl.so.2
#3  0x00000032a0007aa1 in start_thread () from /lib64/libpthread.so.0
#4  0x000000329fce8bcd in clone () from /lib64/libc.so.6

Thread 1 (Thread 0x2b2c6e8b3c40 (LWP 3278020)):
#0  0x000000329fcac86d in waitpid () from /lib64/libc.so.6
#1  0x000000329fc3e479 in do_system () from /lib64/libc.so.6
#2  0x000000329fc3e7b0 in system () from /lib64/libc.so.6
#3  0x00002b2c6d625fc7 in TUnixSystem::StackTrace() () from /cvmfs/cms.cern.ch/slc6_amd64_gcc491/cms/cmssw/CMSSW_7_4_14/external/slc6_amd64_gcc491/lib/libCore.so
#4  0x00002b2c6d627f5c in TUnixSystem::DispatchSignals(ESignals) () from /cvmfs/cms.cern.ch/slc6_amd64_gcc491/cms/cmssw/CMSSW_7_4_14/external/slc6_amd64_gcc491/lib/libCore.so
#5  <signal handler called>
#6  0x00002b2c6b5f2085 in WeightUtils::GetPUWeight (this=<optimized out>, nPU=<optimized out>) at /uscms/homes/j/jrainbol/CMSSW_7_4_14/src/BLT/BLTAnalysis/src/WeightUtils.cc:77
#7  0x000000000041299b in MultileptonAnalyzer::Process (this=0xbef460, entry=<optimized out>) at /uscms/homes/j/jrainbol/CMSSW_7_4_14/src/BLT/BLTAnalysis/bin/MultileptonAnalyzer.cc:242
#8  0x00002b2c940925fe in TTreePlayer::Process(TSelector*, char const*, long long, long long) () from /cvmfs/cms.cern.ch/slc6_amd64_gcc491/lcg/root/6.02.00-odfocd7/lib/libTreePlayer.so
#9  0x00002b2c6b5e1fbb in BLTSelector::MakeMeSandwich (this=this
entry=0xbef460, argc=argc
entry=8, argv=argv
entry=0x7ffc44f8ca28) at /uscms/homes/j/jrainbol/CMSSW_7_4_14/src/BLT/BLTAnalysis/src/BLTSelector.cc:200
#10 0x000000000040e51b in main (argc=8, argv=0x7ffc44f8ca28) at /uscms/homes/j/jrainbol/CMSSW_7_4_14/src/BLT/BLTAnalysis/bin/MultileptonAnalyzer.cc:579
===========================================================


The lines below might hint at the cause of the crash.
If they do not help you then please submit a bug report at
http://root.cern.ch/bugs. Please post the ENTIRE stack trace
from above as an attachment in addition to anything else
that might help us fixing this issue.
===========================================================
#6  0x00002b2c6b5f2085 in WeightUtils::GetPUWeight (this=<optimized out>, nPU=<optimized out>) at /uscms/homes/j/jrainbol/CMSSW_7_4_14/src/BLT/BLTAnalysis/src/WeightUtils.cc:77
#7  0x000000000041299b in MultileptonAnalyzer::Process (this=0xbef460, entry=<optimized out>) at /uscms/homes/j/jrainbol/CMSSW_7_4_14/src/BLT/BLTAnalysis/bin/MultileptonAnalyzer.cc:242
#8  0x00002b2c940925fe in TTreePlayer::Process(TSelector*, char const*, long long, long long) () from /cvmfs/cms.cern.ch/slc6_amd64_gcc491/lcg/root/6.02.00-odfocd7/lib/libTreePlayer.so
#9  0x00002b2c6b5e1fbb in BLTSelector::MakeMeSandwich (this=this
entry=0xbef460, argc=argc
entry=8, argv=argv
entry=0x7ffc44f8ca28) at /uscms/homes/j/jrainbol/CMSSW_7_4_14/src/BLT/BLTAnalysis/src/BLTSelector.cc:200
#10 0x000000000040e51b in main (argc=8, argv=0x7ffc44f8ca28) at /uscms/homes/j/jrainbol/CMSSW_7_4_14/src/BLT/BLTAnalysis/bin/MultileptonAnalyzer.cc:579
===========================================================


cp: cannot stat `output_DYJetsToLL_M-50_36.root': No such file or directory
