Job submitted on host cmswn1625.fnal.gov on Tue May 15 11:13:02 CDT 2018
>>> arguments: DYJetsToLL_M-50 16 zjets_m-50 emu 2016
Reading cached build data
Done: ProjectRename
DYJetsToLL_M-50 zjets_m-50 emu 2016 16
/cvmfs/cms.cern.ch/share/overrides/bin:/storage/local/data1/condor/execute/dir_3123179/CMSSW_7_4_14/bin/slc6_amd64_gcc491:/storage/local/data1/condor/execute/dir_3123179/CMSSW_7_4_14/external/slc6_amd64_gcc491/bin:/cvmfs/cms.cern.ch/slc6_amd64_gcc491/cms/cmssw/CMSSW_7_4_14/bin/slc6_amd64_gcc491:/cvmfs/cms.cern.ch/slc6_amd64_gcc491/cms/cmssw/CMSSW_7_4_14/external/slc6_amd64_gcc491/bin:/cvmfs/cms.cern.ch/slc6_amd64_gcc491/external/llvm/3.6/bin:/cvmfs/cms.cern.ch/slc6_amd64_gcc491/external/gcc/4.9.1-cms/bin:/cvmfs/cms.cern.ch/common:/cvmfs/cms.cern.ch/bin:/bin:/usr/bin:/usr/libexec/condor:/bin:/usr/bin:/usr/krb5/bin:/usr/lib64/qt-3.3/bin:/opt/puppetlabs/bin:/usr/kerberos/sbin:/usr/kerberos/bin:/cvmfs/cms.cern.ch/common:/cvmfs/cms.cern.ch/bin:/usr/local/bin:/bin:/usr/bin:/usr/local/sbin:/usr/sbin:/sbin:/opt/puppetlabs/bin
/storage/local/data1/condor/execute/dir_3123179/CMSSW_7_4_14/src/BLT/BLTAnalysis/test
root://cmseos.fnal.gov//store/group/lpcbacon/12/Summer16_DYJetsToLL_M-50_amcatnlo/Summer16_DYJetsToLL_M-50_amcatnlo_bacon_15.root
[INFO   ] Trying to open input.txt.
[INFO   ] Successfully openned input file; loading tree...
[INFO   ] Successfully loaded tree...
/storage/local/data1/condor/execute/dir_3123179/CMSSW_7_4_14/src/BLT/BLTAnalysis/data/Summer16_23Sep2016HV4_DATA/Summer16_23Sep2016HV4_DATA
  ==== Begin Job =============================================
  dataset      : DYJetsToLL_M-50
  datasetgroup : zjets_m-50
  selection    : emu
  period       : 2016
  jobid        : 16
  ============================================================
[INFO   ] Processing root://cmseos.fnal.gov//store/group/lpcbacon/12/Summer16_DYJetsToLL_M-50_amcatnlo/Summer16_DYJetsToLL_M-50_amcatnlo_bacon_15.root with 2487417 unskimmed events.
... Processing event 0 Run: 1 Lumi: 322780 Event: 153373963
