Error in <TFile::TFile>: file /storage/local/data1/condor/execute/dir_1723870/CMSSW_7_4_14/src/BLT/BLTAnalysis/data/pileup_sf_2016_full.root does not exist
Error in <TFile::TFile>: file /storage/local/data1/condor/execute/dir_1723870/CMSSW_7_4_14/src/BLT/BLTAnalysis/data/muon_trigger/EfficienciesAndSF_BCDEF.root does not exist
Error in <TFile::TFile>: file /storage/local/data1/condor/execute/dir_1723870/CMSSW_7_4_14/src/BLT/BLTAnalysis/data/muon_id/EfficienciesAndSF_BCDEF.root does not exist
Error in <TFile::TFile>: file /storage/local/data1/condor/execute/dir_1723870/CMSSW_7_4_14/src/BLT/BLTAnalysis/data/muon_iso/EfficienciesAndSF_BCDEF.root does not exist

 *** Break *** segmentation violation



===========================================================
There was a crash.
This is the entire stack trace of all threads:
===========================================================

Thread 6 (Thread 0x2b3424795700 (LWP 1724273)):
#0  0x000000345f4e91c3 in epoll_wait () from /lib64/libc.so.6
#1  0x00002b342425a33a in XrdSys::IOEvents::PollE::Begin(XrdSysSemaphore*, int&, char const**) () from /cvmfs/cms.cern.ch/slc6_amd64_gcc491/cms/cmssw/CMSSW_7_4_14/external/slc6_amd64_gcc491/lib/libXrdUtils.so.2
#2  0x00002b3424256c0d in XrdSys::IOEvents::BootStrap::Start(void*) () from /cvmfs/cms.cern.ch/slc6_amd64_gcc491/cms/cmssw/CMSSW_7_4_14/external/slc6_amd64_gcc491/lib/libXrdUtils.so.2
#3  0x00002b3424255427 in XrdSysThread_Xeq () from /cvmfs/cms.cern.ch/slc6_amd64_gcc491/cms/cmssw/CMSSW_7_4_14/external/slc6_amd64_gcc491/lib/libXrdUtils.so.2
#4  0x000000345f807aa1 in start_thread () from /lib64/libpthread.so.0
#5  0x000000345f4e8bcd in clone () from /lib64/libc.so.6

Thread 5 (Thread 0x2b3424996700 (LWP 1724274)):
#0  0x000000345f80f00d in nanosleep () from /lib64/libpthread.so.0
#1  0x00002b3424255bbb in XrdSysTimer::Wait(int) () from /cvmfs/cms.cern.ch/slc6_amd64_gcc491/cms/cmssw/CMSSW_7_4_14/external/slc6_amd64_gcc491/lib/libXrdUtils.so.2
#2  0x00002b34242fff61 in XrdCl::TaskManager::RunTasks() () from /cvmfs/cms.cern.ch/slc6_amd64_gcc491/cms/cmssw/CMSSW_7_4_14/external/slc6_amd64_gcc491/lib/libXrdCl.so.2
#3  0x00002b34243000c9 in ?? () from /cvmfs/cms.cern.ch/slc6_amd64_gcc491/cms/cmssw/CMSSW_7_4_14/external/slc6_amd64_gcc491/lib/libXrdCl.so.2
#4  0x000000345f807aa1 in start_thread () from /lib64/libpthread.so.0
#5  0x000000345f4e8bcd in clone () from /lib64/libc.so.6

Thread 4 (Thread 0x2b3424b97700 (LWP 1724275)):
#0  0x000000345f4e5419 in syscall () from /lib64/libc.so.6
#1  0x00002b3424358883 in XrdCl::JobManager::RunJobs() () from /cvmfs/cms.cern.ch/slc6_amd64_gcc491/cms/cmssw/CMSSW_7_4_14/external/slc6_amd64_gcc491/lib/libXrdCl.so.2
#2  0x00002b3424358a19 in ?? () from /cvmfs/cms.cern.ch/slc6_amd64_gcc491/cms/cmssw/CMSSW_7_4_14/external/slc6_amd64_gcc491/lib/libXrdCl.so.2
#3  0x000000345f807aa1 in start_thread () from /lib64/libpthread.so.0
#4  0x000000345f4e8bcd in clone () from /lib64/libc.so.6

Thread 3 (Thread 0x2b3424d98700 (LWP 1724276)):
#0  0x000000345f4e5419 in syscall () from /lib64/libc.so.6
#1  0x00002b3424358883 in XrdCl::JobManager::RunJobs() () from /cvmfs/cms.cern.ch/slc6_amd64_gcc491/cms/cmssw/CMSSW_7_4_14/external/slc6_amd64_gcc491/lib/libXrdCl.so.2
#2  0x00002b3424358a19 in ?? () from /cvmfs/cms.cern.ch/slc6_amd64_gcc491/cms/cmssw/CMSSW_7_4_14/external/slc6_amd64_gcc491/lib/libXrdCl.so.2
#3  0x000000345f807aa1 in start_thread () from /lib64/libpthread.so.0
#4  0x000000345f4e8bcd in clone () from /lib64/libc.so.6

Thread 2 (Thread 0x2b3424f99700 (LWP 1724277)):
#0  0x000000345f4e5419 in syscall () from /lib64/libc.so.6
#1  0x00002b3424358883 in XrdCl::JobManager::RunJobs() () from /cvmfs/cms.cern.ch/slc6_amd64_gcc491/cms/cmssw/CMSSW_7_4_14/external/slc6_amd64_gcc491/lib/libXrdCl.so.2
#2  0x00002b3424358a19 in ?? () from /cvmfs/cms.cern.ch/slc6_amd64_gcc491/cms/cmssw/CMSSW_7_4_14/external/slc6_amd64_gcc491/lib/libXrdCl.so.2
#3  0x000000345f807aa1 in start_thread () from /lib64/libpthread.so.0
#4  0x000000345f4e8bcd in clone () from /lib64/libc.so.6

Thread 1 (Thread 0x2b341b043d60 (LWP 1724195)):
#0  0x000000345f4ac86d in waitpid () from /lib64/libc.so.6
#1  0x000000345f43e479 in do_system () from /lib64/libc.so.6
#2  0x000000345f43e7b0 in system () from /lib64/libc.so.6
#3  0x00002b3419b70fc7 in TUnixSystem::StackTrace() () from /cvmfs/cms.cern.ch/slc6_amd64_gcc491/cms/cmssw/CMSSW_7_4_14/external/slc6_amd64_gcc491/lib/libCore.so
#4  0x00002b3419b72f5c in TUnixSystem::DispatchSignals(ESignals) () from /cvmfs/cms.cern.ch/slc6_amd64_gcc491/cms/cmssw/CMSSW_7_4_14/external/slc6_amd64_gcc491/lib/libCore.so
#5  <signal handler called>
#6  0x00002b3417b3d085 in WeightUtils::GetPUWeight (this=<optimized out>, nPU=<optimized out>) at /uscms/homes/j/jrainbol/CMSSW_7_4_14/src/BLT/BLTAnalysis/src/WeightUtils.cc:77
#7  0x000000000041299b in MultileptonAnalyzer::Process (this=0xb40460, entry=<optimized out>) at /uscms/homes/j/jrainbol/CMSSW_7_4_14/src/BLT/BLTAnalysis/bin/MultileptonAnalyzer.cc:242
#8  0x00002b34400925fe in TTreePlayer::Process(TSelector*, char const*, long long, long long) () from /cvmfs/cms.cern.ch/slc6_amd64_gcc491/lcg/root/6.02.00-odfocd7/lib/libTreePlayer.so
#9  0x00002b3417b2cfbb in BLTSelector::MakeMeSandwich (this=this
entry=0xb40460, argc=argc
entry=8, argv=argv
entry=0x7ffc27c75d18) at /uscms/homes/j/jrainbol/CMSSW_7_4_14/src/BLT/BLTAnalysis/src/BLTSelector.cc:200
#10 0x000000000040e51b in main (argc=8, argv=0x7ffc27c75d18) at /uscms/homes/j/jrainbol/CMSSW_7_4_14/src/BLT/BLTAnalysis/bin/MultileptonAnalyzer.cc:579
===========================================================


The lines below might hint at the cause of the crash.
If they do not help you then please submit a bug report at
http://root.cern.ch/bugs. Please post the ENTIRE stack trace
from above as an attachment in addition to anything else
that might help us fixing this issue.
===========================================================
#6  0x00002b3417b3d085 in WeightUtils::GetPUWeight (this=<optimized out>, nPU=<optimized out>) at /uscms/homes/j/jrainbol/CMSSW_7_4_14/src/BLT/BLTAnalysis/src/WeightUtils.cc:77
#7  0x000000000041299b in MultileptonAnalyzer::Process (this=0xb40460, entry=<optimized out>) at /uscms/homes/j/jrainbol/CMSSW_7_4_14/src/BLT/BLTAnalysis/bin/MultileptonAnalyzer.cc:242
#8  0x00002b34400925fe in TTreePlayer::Process(TSelector*, char const*, long long, long long) () from /cvmfs/cms.cern.ch/slc6_amd64_gcc491/lcg/root/6.02.00-odfocd7/lib/libTreePlayer.so
#9  0x00002b3417b2cfbb in BLTSelector::MakeMeSandwich (this=this
entry=0xb40460, argc=argc
entry=8, argv=argv
entry=0x7ffc27c75d18) at /uscms/homes/j/jrainbol/CMSSW_7_4_14/src/BLT/BLTAnalysis/src/BLTSelector.cc:200
#10 0x000000000040e51b in main (argc=8, argv=0x7ffc27c75d18) at /uscms/homes/j/jrainbol/CMSSW_7_4_14/src/BLT/BLTAnalysis/bin/MultileptonAnalyzer.cc:579
===========================================================


cp: cannot stat `output_DYJetsToLL_M-50_39.root': No such file or directory
