Job submitted on host cmswn1841.fnal.gov on Tue May 15 11:13:28 CDT 2018
>>> arguments: DYJetsToLL_M-10to50 1 zjets_m-10to50 emu 2016
Reading cached build data
Done: ProjectRename
DYJetsToLL_M-10to50 zjets_m-10to50 emu 2016 1
/cvmfs/cms.cern.ch/share/overrides/bin:/storage/local/data1/condor/execute/dir_832649/CMSSW_7_4_14/bin/slc6_amd64_gcc491:/storage/local/data1/condor/execute/dir_832649/CMSSW_7_4_14/external/slc6_amd64_gcc491/bin:/cvmfs/cms.cern.ch/slc6_amd64_gcc491/cms/cmssw/CMSSW_7_4_14/bin/slc6_amd64_gcc491:/cvmfs/cms.cern.ch/slc6_amd64_gcc491/cms/cmssw/CMSSW_7_4_14/external/slc6_amd64_gcc491/bin:/cvmfs/cms.cern.ch/slc6_amd64_gcc491/external/llvm/3.6/bin:/cvmfs/cms.cern.ch/slc6_amd64_gcc491/external/gcc/4.9.1-cms/bin:/cvmfs/cms.cern.ch/common:/cvmfs/cms.cern.ch/bin:/bin:/usr/bin:/usr/libexec/condor:/bin:/usr/bin:/usr/krb5/bin:/usr/lib64/qt-3.3/bin:/opt/puppetlabs/bin:/usr/kerberos/sbin:/usr/kerberos/bin:/cvmfs/cms.cern.ch/common:/cvmfs/cms.cern.ch/bin:/usr/local/bin:/bin:/usr/bin:/usr/local/sbin:/usr/sbin:/sbin:/opt/puppetlabs/bin
/storage/local/data1/condor/execute/dir_832649/CMSSW_7_4_14/src/BLT/BLTAnalysis/test
root://cmseos.fnal.gov//store/group/lpcbacon/12/Summer16_DYJetsToLL_M-10to50_amcatnlo/Summer16_DYJetsToLL_M-10to50_amcatnlo_bacon_00.root
root://cmseos.fnal.gov//store/group/lpcbacon/12/Summer16_DYJetsToLL_M-10to50_amcatnlo/Summer16_DYJetsToLL_M-10to50_amcatnlo_bacon_01.root
root://cmseos.fnal.gov//store/group/lpcbacon/12/Summer16_DYJetsToLL_M-10to50_amcatnlo/Summer16_DYJetsToLL_M-10to50_amcatnlo_bacon_02.root
root://cmseos.fnal.gov//store/group/lpcbacon/12/Summer16_DYJetsToLL_M-10to50_amcatnlo/Summer16_DYJetsToLL_M-10to50_amcatnlo_bacon_03.root
[INFO   ] Trying to open input.txt.
[INFO   ] Successfully openned input file; loading tree...
[INFO   ] Successfully loaded tree...
/storage/local/data1/condor/execute/dir_832649/CMSSW_7_4_14/src/BLT/BLTAnalysis/data/Summer16_23Sep2016HV4_DATA/Summer16_23Sep2016HV4_DATA
  ==== Begin Job =============================================
  dataset      : DYJetsToLL_M-10to50
  datasetgroup : zjets_m-10to50
  selection    : emu
  period       : 2016
  jobid        : 1
  ============================================================
[INFO   ] Processing root://cmseos.fnal.gov//store/group/lpcbacon/12/Summer16_DYJetsToLL_M-10to50_amcatnlo/Summer16_DYJetsToLL_M-10to50_amcatnlo_bacon_00.root with 4833322 unskimmed events.
... Processing event 0 Run: 1 Lumi: 115766 Event: 37517692
